// Jest Snapshot v1, https://goo.gl/fbAQLP

exports[`NoPermission Test renders correctly 1`] = `
<DocumentFragment>
  <div
    id="app"
  >
    <div>
      403
    </div>
    <div
      class="txt"
    >
      Forbidden
      <span
        class="blink"
      >
        _
      </span>
    </div>
  </div>
</DocumentFragment>
`;

exports[`NoPermission renders correctly 1`] = `
<DocumentFragment>
  <div
    id="app"
  >
    <div>
      403
    </div>
    <div
      class="txt"
    >
      Forbidden
      <span
        class="blink"
      >
        _
      </span>
    </div>
  </div>
</DocumentFragment>
`;
